ARM Linker, 5.03 [Build 76] [MDK-ARM Lite]

==============================================================================

Section Cross References

    startup.o(STACK) refers (Special) to heapauxi.o(.text) for __use_two_region_memory
    startup.o(HEAP) refers (Special) to heapauxi.o(.text) for __use_two_region_memory
    startup.o(RESET) refers (Special) to heapauxi.o(.text) for __use_two_region_memory
    startup.o(RESET) refers to startup.o(STACK) for StackMem
    startup.o(RESET) refers to soundeffect.o(i.SysTick_Handler) for SysTick_Handler
    startup.o(RESET) refers to spaceinvaders.o(i.GPIOPortE_Handler) for GPIOPortE_Handler
    startup.o(RESET) refers to spaceinvaders.o(i.Timer2A_Handler) for Timer2A_Handler
    startup.o(RESET) refers to texas.o(i.Timer4A_Handler) for Timer4A_Handler
    startup.o(RESET) refers to texas.o(i.Timer5A_Handler) for Timer5A_Handler
    startup.o(RESET) refers to __main.o(!!!main) for __main
    startup.o(.text) refers (Special) to heapauxi.o(.text) for __use_two_region_memory
    startup.o(.text) refers to startup.o(HEAP) for HeapMem
    startup.o(.text) refers to startup.o(STACK) for StackMem
    nokia5110.o(i.Nokia5110_Clear) refers to nokia5110.o(i.lcdwrite) for lcdwrite
    nokia5110.o(i.Nokia5110_Clear) refers to nokia5110.o(i.Nokia5110_SetCursor) for Nokia5110_SetCursor
    nokia5110.o(i.Nokia5110_ClearBuffer) refers to nokia5110.o(.bss) for Screen
    nokia5110.o(i.Nokia5110_DisplayBuffer) refers to nokia5110.o(i.Nokia5110_DrawFullImage) for Nokia5110_DrawFullImage
    nokia5110.o(i.Nokia5110_DisplayBuffer) refers to nokia5110.o(.bss) for Screen
    nokia5110.o(i.Nokia5110_DrawFullImage) refers to nokia5110.o(i.Nokia5110_SetCursor) for Nokia5110_SetCursor
    nokia5110.o(i.Nokia5110_DrawFullImage) refers to nokia5110.o(i.lcdwrite) for lcdwrite
    nokia5110.o(i.Nokia5110_Init) refers to nokia5110.o(i.lcdwrite) for lcdwrite
    nokia5110.o(i.Nokia5110_OutChar) refers to nokia5110.o(i.lcdwrite) for lcdwrite
    nokia5110.o(i.Nokia5110_OutChar) refers to nokia5110.o(.constdata) for ASCII
    nokia5110.o(i.Nokia5110_OutString) refers to nokia5110.o(i.Nokia5110_OutChar) for Nokia5110_OutChar
    nokia5110.o(i.Nokia5110_OutUDec) refers to nokia5110.o(i.Nokia5110_OutString) for Nokia5110_OutString
    nokia5110.o(i.Nokia5110_OutUDec) refers to nokia5110.o(i.Nokia5110_OutChar) for Nokia5110_OutChar
    nokia5110.o(i.Nokia5110_PrintBMP) refers to nokia5110.o(.bss) for Screen
    nokia5110.o(i.Nokia5110_SetCursor) refers to nokia5110.o(i.lcdwrite) for lcdwrite
    random.o(.text) refers to random.o(DATA) for M
    spaceinvaders.o(i.Draw) refers to nokia5110.o(i.Nokia5110_ClearBuffer) for Nokia5110_ClearBuffer
    spaceinvaders.o(i.Draw) refers to nokia5110.o(i.Nokia5110_Clear) for Nokia5110_Clear
    spaceinvaders.o(i.Draw) refers to nokia5110.o(i.Nokia5110_SetCursor) for Nokia5110_SetCursor
    spaceinvaders.o(i.Draw) refers to nokia5110.o(i.Nokia5110_OutString) for Nokia5110_OutString
    spaceinvaders.o(i.Draw) refers to nokia5110.o(i.Nokia5110_PrintBMP) for Nokia5110_PrintBMP
    spaceinvaders.o(i.Draw) refers to slideadc.o(i.PlayerPositionX) for PlayerPositionX
    spaceinvaders.o(i.Draw) refers to nokia5110.o(i.Nokia5110_DisplayBuffer) for Nokia5110_DisplayBuffer
    spaceinvaders.o(i.Draw) refers to spaceinvaders.o(.data) for EnemyCount
    spaceinvaders.o(i.Draw) refers to spaceinvaders.o(.bss) for EnemyTop
    spaceinvaders.o(i.Draw) refers to spaceinvaders.o(.constdata) for PlayerShip0
    spaceinvaders.o(i.GPIOPortE_Handler) refers to slideadc.o(i.PlayerPositionX) for PlayerPositionX
    spaceinvaders.o(i.GPIOPortE_Handler) refers to spaceinvaders.o(.bss) for BigMissile
    spaceinvaders.o(i.GPIOPortE_Handler) refers to spaceinvaders.o(.constdata) for PlayerShip0
    spaceinvaders.o(i.GPIOPortE_Handler) refers to spaceinvaders.o(.data) for SpaceInBetweenLasers
    spaceinvaders.o(i.Move) refers to rt_memcpy_w.o(.text) for __aeabi_memcpy4
    spaceinvaders.o(i.Move) refers to spaceinvaders.o(i.DetectCollision) for DetectCollision
    spaceinvaders.o(i.Move) refers to spaceinvaders.o(.bss) for BigMissile
    spaceinvaders.o(i.Move) refers to spaceinvaders.o(.constdata) for Missile0
    spaceinvaders.o(i.Move) refers to spaceinvaders.o(.data) for SpaceInBetweenLasers
    spaceinvaders.o(i.Switches_Init) refers to startup.o(.text) for EnableInterrupts
    spaceinvaders.o(i.Timer2A_Handler) refers to spaceinvaders.o(i.Move) for Move
    spaceinvaders.o(i.Timer2A_Handler) refers to spaceinvaders.o(.data) for Semaphore
    spaceinvaders.o(i.Timer2_Init) refers to spaceinvaders.o(.data) for TimerCount
    spaceinvaders.o(i.createFigures) refers to spaceinvaders.o(.bss) for EnemyTop
    spaceinvaders.o(i.createFigures) refers to spaceinvaders.o(.constdata) for SmallEnemy30PointA
    spaceinvaders.o(i.createFigures) refers to spaceinvaders.o(.data) for TestWidth
    spaceinvaders.o(i.main) refers to texas.o(i.TExaS_Init) for TExaS_Init
    spaceinvaders.o(i.main) refers to random.o(.text) for Random_Init
    spaceinvaders.o(i.main) refers to nokia5110.o(i.Nokia5110_Init) for Nokia5110_Init
    spaceinvaders.o(i.main) refers to nokia5110.o(i.Nokia5110_ClearBuffer) for Nokia5110_ClearBuffer
    spaceinvaders.o(i.main) refers to nokia5110.o(i.Nokia5110_DisplayBuffer) for Nokia5110_DisplayBuffer
    spaceinvaders.o(i.main) refers to slideadc.o(i.ADC_Init) for ADC_Init
    spaceinvaders.o(i.main) refers to soundeffect.o(i.Sound_Init) for Sound_Init
    spaceinvaders.o(i.main) refers to spaceinvaders.o(i.Switches_Init) for Switches_Init
    spaceinvaders.o(i.main) refers to spaceinvaders.o(i.Leds_Init) for Leds_Init
    spaceinvaders.o(i.main) refers to spaceinvaders.o(i.createFigures) for createFigures
    spaceinvaders.o(i.main) refers to spaceinvaders.o(i.Timer2_Init) for Timer2_Init
    spaceinvaders.o(i.main) refers to spaceinvaders.o(i.Draw) for Draw
    spaceinvaders.o(i.main) refers to spaceinvaders.o(.data) for Semaphore
    texas.o(i.SetCode) refers to texas.o(.bss) for TExaS
    texas.o(i.SetCourse) refers to texas.o(.bss) for TExaS
    texas.o(i.SetMode) refers to texas.o(.bss) for TExaS
    texas.o(i.StartTimer4) refers to texas.o(.data) for ScopeCount
    texas.o(i.TExaS_Init) refers to texas.o(i.PLL_Init) for PLL_Init
    texas.o(i.TExaS_Init) refers to texas.o(i.SetCourse) for SetCourse
    texas.o(i.TExaS_Init) refers to texas.o(i.UART0_Init) for UART0_Init
    texas.o(i.TExaS_Init) refers to texas.o(i.SetCode) for SetCode
    texas.o(i.TExaS_Init) refers to texas.o(i.ADC1_Init) for ADC1_Init
    texas.o(i.TExaS_Init) refers to texas.o(.constdata) for IntroMsg
    texas.o(i.TExaS_Init) refers to texas.o(.bss) for TExaS
    texas.o(i.TExaS_Init) refers to texas.o(.data) for LastMode
    texas.o(i.Timer5A_Handler) refers to texas.o(i.ADC1_In) for ADC1_In
    texas.o(i.Timer5A_Handler) refers to texas.o(.data) for TExaS_Period
    slideadc.o(i.PlayerPositionX) refers to dflt_clz.o(x$fpl$dfltu) for __aeabi_ui2d
    slideadc.o(i.PlayerPositionX) refers to slideadc.o(i.ADC_In) for ADC_In
    slideadc.o(i.PlayerPositionX) refers to daddsub_clz.o(x$fpl$dsub) for __aeabi_dsub
    slideadc.o(i.PlayerPositionX) refers to ddiv.o(x$fpl$ddiv) for __aeabi_ddiv
    slideadc.o(i.PlayerPositionX) refers to dmul.o(x$fpl$dmul) for __aeabi_dmul
    slideadc.o(i.PlayerPositionX) refers to dfixu.o(x$fpl$dfixu) for __aeabi_d2uiz
    soundeffect.o(i.Sound_Init) refers to digitalanalogconverter.o(i.DAC_Init) for DAC_Init
    soundeffect.o(i.Sound_Init) refers to soundeffect.o(.data) for Index
    soundeffect.o(i.Sound_Off) refers to startup.o(.text) for DisableInterrupts
    soundeffect.o(i.SysTick_Handler) refers to digitalanalogconverter.o(i.DAC_Out) for DAC_Out
    soundeffect.o(i.SysTick_Handler) refers to soundeffect.o(.data) for Index
    soundeffect.o(i.SysTick_Handler) refers to soundeffect.o(.constdata) for SineWave
    __main.o(!!!main) refers to rtentry.o(.ARM.Collect$$rtentry$$00000000) for __rt_entry
    daddsub_clz.o(x$fpl$dadd) refers (Special) to usenofp.o(x$fpl$usenofp) for __I$use$fp
    daddsub_clz.o(x$fpl$dadd) refers to daddsub_clz.o(x$fpl$dsub) for _dsub1
    daddsub_clz.o(x$fpl$dadd) refers to dretinf.o(x$fpl$dretinf) for __fpl_dretinf
    daddsub_clz.o(x$fpl$dadd) refers to dnaninf.o(x$fpl$dnaninf) for __fpl_dnaninf
    daddsub_clz.o(x$fpl$drsb) refers (Special) to usenofp.o(x$fpl$usenofp) for __I$use$fp
    daddsub_clz.o(x$fpl$drsb) refers to daddsub_clz.o(x$fpl$dadd) for _dadd1
    daddsub_clz.o(x$fpl$drsb) refers to daddsub_clz.o(x$fpl$dsub) for _dsub1
    daddsub_clz.o(x$fpl$dsub) refers (Special) to usenofp.o(x$fpl$usenofp) for __I$use$fp
    daddsub_clz.o(x$fpl$dsub) refers to daddsub_clz.o(x$fpl$dadd) for _dadd1
    daddsub_clz.o(x$fpl$dsub) refers to dnaninf.o(x$fpl$dnaninf) for __fpl_dnaninf
    ddiv.o(x$fpl$drdiv) refers (Special) to usenofp.o(x$fpl$usenofp) for __I$use$fp
    ddiv.o(x$fpl$drdiv) refers to ddiv.o(x$fpl$ddiv) for ddiv_entry
    ddiv.o(x$fpl$ddiv) refers (Special) to usenofp.o(x$fpl$usenofp) for __I$use$fp
    ddiv.o(x$fpl$ddiv) refers to dretinf.o(x$fpl$dretinf) for __fpl_dretinf
    ddiv.o(x$fpl$ddiv) refers to dnaninf.o(x$fpl$dnaninf) for __fpl_dnaninf
    dfixu.o(x$fpl$dfixu) refers (Special) to usenofp.o(x$fpl$usenofp) for __I$use$fp
    dfixu.o(x$fpl$dfixu) refers to dnaninf.o(x$fpl$dnaninf) for __fpl_dnaninf
    dfixu.o(x$fpl$dfixur) refers (Special) to usenofp.o(x$fpl$usenofp) for __I$use$fp
    dfixu.o(x$fpl$dfixur) refers to dnaninf.o(x$fpl$dnaninf) for __fpl_dnaninf
    dflt_clz.o(x$fpl$dfltu) refers (Special) to usenofp.o(x$fpl$usenofp) for __I$use$fp
    dflt_clz.o(x$fpl$dflt) refers (Special) to usenofp.o(x$fpl$usenofp) for __I$use$fp
    dflt_clz.o(x$fpl$dfltn) refers (Special) to usenofp.o(x$fpl$usenofp) for __I$use$fp
    dmul.o(x$fpl$dmul) refers (Special) to usenofp.o(x$fpl$usenofp) for __I$use$fp
    dmul.o(x$fpl$dmul) refers to dretinf.o(x$fpl$dretinf) for __fpl_dretinf
    dmul.o(x$fpl$dmul) refers to dnaninf.o(x$fpl$dnaninf) for __fpl_dnaninf
    rtentry.o(.ARM.Collect$$rtentry$$00000000) refers (Special) to rtentry2.o(.ARM.Collect$$rtentry$$0000000A) for __rt_entry_li
    rtentry.o(.ARM.Collect$$rtentry$$00000000) refers (Special) to rtentry2.o(.ARM.Collect$$rtentry$$0000000D) for __rt_entry_main
    rtentry.o(.ARM.Collect$$rtentry$$00000000) refers (Special) to rtentry2.o(.ARM.Collect$$rtentry$$0000000C) for __rt_entry_postli_1
    rtentry.o(.ARM.Collect$$rtentry$$00000000) refers (Special) to rtentry2.o(.ARM.Collect$$rtentry$$00000009) for __rt_entry_postsh_1
    rtentry.o(.ARM.Collect$$rtentry$$00000000) refers (Special) to rtentry2.o(.ARM.Collect$$rtentry$$00000002) for __rt_entry_presh_1
    rtentry.o(.ARM.Collect$$rtentry$$00000000) refers (Special) to rtentry4.o(.ARM.Collect$$rtentry$$00000004) for __rt_entry_sh
    dnaninf.o(x$fpl$dnaninf) refers (Special) to usenofp.o(x$fpl$usenofp) for __I$use$fp
    dretinf.o(x$fpl$dretinf) refers (Special) to usenofp.o(x$fpl$usenofp) for __I$use$fp
    rtentry2.o(.ARM.Collect$$rtentry$$00000008) refers to boardinit2.o(.text) for _platform_post_stackheap_init
    rtentry2.o(.ARM.Collect$$rtentry$$0000000A) refers to libinit.o(.ARM.Collect$$libinit$$00000000) for __rt_lib_init
    rtentry2.o(.ARM.Collect$$rtentry$$0000000B) refers to boardinit3.o(.text) for _platform_post_lib_init
    rtentry2.o(.ARM.Collect$$rtentry$$0000000D) refers to spaceinvaders.o(i.main) for main
    rtentry2.o(.ARM.Collect$$rtentry$$0000000D) refers to exit.o(.text) for exit
    rtentry2.o(.ARM.exidx) refers to rtentry2.o(.ARM.Collect$$rtentry$$00000001) for .ARM.Collect$$rtentry$$00000001
    rtentry2.o(.ARM.exidx) refers to rtentry2.o(.ARM.Collect$$rtentry$$00000008) for .ARM.Collect$$rtentry$$00000008
    rtentry2.o(.ARM.exidx) refers to rtentry2.o(.ARM.Collect$$rtentry$$0000000A) for .ARM.Collect$$rtentry$$0000000A
    rtentry2.o(.ARM.exidx) refers to rtentry2.o(.ARM.Collect$$rtentry$$0000000B) for .ARM.Collect$$rtentry$$0000000B
    rtentry2.o(.ARM.exidx) refers to rtentry2.o(.ARM.Collect$$rtentry$$0000000D) for .ARM.Collect$$rtentry$$0000000D
    rtentry4.o(.ARM.Collect$$rtentry$$00000004) refers to sys_stackheap_outer.o(.text) for __user_setup_stackheap
    rtentry4.o(.ARM.exidx) refers to rtentry4.o(.ARM.Collect$$rtentry$$00000004) for .ARM.Collect$$rtentry$$00000004
    sys_stackheap_outer.o(.text) refers to libspace.o(.text) for __user_perproc_libspace
    sys_stackheap_outer.o(.text) refers to startup.o(.text) for __user_initial_stackheap
    exit.o(.text) refers to rtexit.o(.ARM.Collect$$rtexit$$00000000) for __rt_exit
    libinit.o(.ARM.Collect$$libinit$$00000000) refers (Special) to libinit2.o(.ARM.Collect$$libinit$$0000002C) for __rt_lib_init_alloca_1
    libinit.o(.ARM.Collect$$libinit$$00000000) refers (Special) to libinit2.o(.ARM.Collect$$libinit$$0000002A) for __rt_lib_init_argv_1
    libinit.o(.ARM.Collect$$libinit$$00000000) refers (Special) to libinit2.o(.ARM.Collect$$libinit$$00000019) for __rt_lib_init_atexit_1
    libinit.o(.ARM.Collect$$libinit$$00000000) refers (Special) to libinit2.o(.ARM.Collect$$libinit$$0000001F) for __rt_lib_init_clock_1
    libinit.o(.ARM.Collect$$libinit$$00000000) refers (Special) to libinit2.o(.ARM.Collect$$libinit$$00000030) for __rt_lib_init_cpp_1
    libinit.o(.ARM.Collect$$libinit$$00000000) refers (Special) to libinit2.o(.ARM.Collect$$libinit$$0000002E) for __rt_lib_init_exceptions_1
    libinit.o(.ARM.Collect$$libinit$$00000000) refers (Special) to libinit2.o(.ARM.Collect$$libinit$$00000002) for __rt_lib_init_fp_1
    libinit.o(.ARM.Collect$$libinit$$00000000) refers (Special) to libinit2.o(.ARM.Collect$$libinit$$0000001D) for __rt_lib_init_fp_trap_1
    libinit.o(.ARM.Collect$$libinit$$00000000) refers (Special) to libinit2.o(.ARM.Collect$$libinit$$00000021) for __rt_lib_init_getenv_1
    libinit.o(.ARM.Collect$$libinit$$00000000) refers (Special) to libinit2.o(.ARM.Collect$$libinit$$00000008) for __rt_lib_init_heap_1
    libinit.o(.ARM.Collect$$libinit$$00000000) refers (Special) to libinit2.o(.ARM.Collect$$libinit$$0000000F) for __rt_lib_init_lc_collate_1
    libinit.o(.ARM.Collect$$libinit$$00000000) refers (Special) to libinit2.o(.ARM.Collect$$libinit$$00000011) for __rt_lib_init_lc_ctype_1
    libinit.o(.ARM.Collect$$libinit$$00000000) refers (Special) to libinit2.o(.ARM.Collect$$libinit$$00000013) for __rt_lib_init_lc_monetary_1
    libinit.o(.ARM.Collect$$libinit$$00000000) refers (Special) to libinit2.o(.ARM.Collect$$libinit$$00000015) for __rt_lib_init_lc_numeric_1
    libinit.o(.ARM.Collect$$libinit$$00000000) refers (Special) to libinit2.o(.ARM.Collect$$libinit$$00000017) for __rt_lib_init_lc_time_1
    libinit.o(.ARM.Collect$$libinit$$00000000) refers (Special) to libinit2.o(.ARM.Collect$$libinit$$0000000C) for __rt_lib_init_rand_1
    libinit.o(.ARM.Collect$$libinit$$00000000) refers (Special) to libinit2.o(.ARM.Collect$$libinit$$00000031) for __rt_lib_init_return
    libinit.o(.ARM.Collect$$libinit$$00000000) refers (Special) to libinit2.o(.ARM.Collect$$libinit$$0000001B) for __rt_lib_init_signal_1
    libinit.o(.ARM.Collect$$libinit$$00000000) refers (Special) to libinit2.o(.ARM.Collect$$libinit$$00000023) for __rt_lib_init_stdio_1
    libinit.o(.ARM.Collect$$libinit$$00000000) refers (Special) to libinit2.o(.ARM.Collect$$libinit$$0000000A) for __rt_lib_init_user_alloc_1
    libspace.o(.text) refers to libspace.o(.bss) for __libspace_start
    rtexit.o(.ARM.Collect$$rtexit$$00000000) refers (Special) to rtexit2.o(.ARM.Collect$$rtexit$$00000004) for __rt_exit_exit
    rtexit.o(.ARM.Collect$$rtexit$$00000000) refers (Special) to rtexit2.o(.ARM.Collect$$rtexit$$00000003) for __rt_exit_ls
    rtexit.o(.ARM.Collect$$rtexit$$00000000) refers (Special) to rtexit2.o(.ARM.Collect$$rtexit$$00000002) for __rt_exit_prels_1
    rtexit.o(.ARM.exidx) refers (Special) to rtexit2.o(.ARM.Collect$$rtexit$$00000004) for __rt_exit_exit
    rtexit.o(.ARM.exidx) refers (Special) to rtexit2.o(.ARM.Collect$$rtexit$$00000003) for __rt_exit_ls
    rtexit.o(.ARM.exidx) refers (Special) to rtexit2.o(.ARM.Collect$$rtexit$$00000002) for __rt_exit_prels_1
    rtexit.o(.ARM.exidx) refers to rtexit.o(.ARM.Collect$$rtexit$$00000000) for .ARM.Collect$$rtexit$$00000000
    libinit2.o(.ARM.Collect$$libinit$$0000000E) refers to libinit2.o(.ARM.Collect$$libinit$$0000000D) for .ARM.Collect$$libinit$$0000000D
    libinit2.o(.ARM.Collect$$libinit$$00000010) refers to libinit2.o(.ARM.Collect$$libinit$$0000000D) for .ARM.Collect$$libinit$$0000000D
    libinit2.o(.ARM.Collect$$libinit$$00000012) refers to libinit2.o(.ARM.Collect$$libinit$$0000000D) for .ARM.Collect$$libinit$$0000000D
    libinit2.o(.ARM.Collect$$libinit$$00000014) refers to libinit2.o(.ARM.Collect$$libinit$$0000000D) for .ARM.Collect$$libinit$$0000000D
    libinit2.o(.ARM.Collect$$libinit$$00000016) refers to libinit2.o(.ARM.Collect$$libinit$$0000000D) for .ARM.Collect$$libinit$$0000000D
    libinit2.o(.ARM.Collect$$libinit$$00000024) refers to argv_veneer.o(.emb_text) for __ARM_argv_veneer
    libinit2.o(.ARM.Collect$$libinit$$00000025) refers to argv_veneer.o(.emb_text) for __ARM_argv_veneer
    rtexit2.o(.ARM.Collect$$rtexit$$00000003) refers to libshutdown.o(.ARM.Collect$$libshutdown$$00000000) for __rt_lib_shutdown
    rtexit2.o(.ARM.Collect$$rtexit$$00000004) refers to sys_exit.o(.text) for _sys_exit
    rtexit2.o(.ARM.exidx) refers to rtexit2.o(.ARM.Collect$$rtexit$$00000001) for .ARM.Collect$$rtexit$$00000001
    rtexit2.o(.ARM.exidx) refers to rtexit2.o(.ARM.Collect$$rtexit$$00000003) for .ARM.Collect$$rtexit$$00000003
    rtexit2.o(.ARM.exidx) refers to rtexit2.o(.ARM.Collect$$rtexit$$00000004) for .ARM.Collect$$rtexit$$00000004
    argv_veneer.o(.emb_text) refers to no_argv.o(.text) for __ARM_get_argv
    sys_exit.o(.text) refers (Special) to use_no_semi.o(.text) for __I$use$semihosting
    sys_exit.o(.text) refers (Special) to indicate_semi.o(.text) for __semihosting_library_function
    _get_argv_nomalloc.o(.text) refers (Special) to hrguard.o(.text) for __heap_region$guard
    _get_argv_nomalloc.o(.text) refers to defsig_rtmem_outer.o(.text) for __rt_SIGRTMEM
    _get_argv_nomalloc.o(.text) refers to sys_command.o(.text) for _sys_command_string
    libshutdown.o(.ARM.Collect$$libshutdown$$00000000) refers (Special) to libshutdown2.o(.ARM.Collect$$libshutdown$$00000006) for __rt_lib_shutdown_fp_trap_1
    libshutdown.o(.ARM.Collect$$libshutdown$$00000000) refers (Special) to libshutdown2.o(.ARM.Collect$$libshutdown$$0000000E) for __rt_lib_shutdown_heap_1
    libshutdown.o(.ARM.Collect$$libshutdown$$00000000) refers (Special) to libshutdown2.o(.ARM.Collect$$libshutdown$$0000000F) for __rt_lib_shutdown_return
    libshutdown.o(.ARM.Collect$$libshutdown$$00000000) refers (Special) to libshutdown2.o(.ARM.Collect$$libshutdown$$00000009) for __rt_lib_shutdown_signal_1
    libshutdown.o(.ARM.Collect$$libshutdown$$00000000) refers (Special) to libshutdown2.o(.ARM.Collect$$libshutdown$$00000003) for __rt_lib_shutdown_stdio_1
    libshutdown.o(.ARM.Collect$$libshutdown$$00000000) refers (Special) to libshutdown2.o(.ARM.Collect$$libshutdown$$0000000B) for __rt_lib_shutdown_user_alloc_1
    sys_command.o(.text) refers (Special) to use_no_semi.o(.text) for __I$use$semihosting
    sys_command.o(.text) refers (Special) to indicate_semi.o(.text) for __semihosting_library_function
    defsig_rtmem_outer.o(.text) refers to defsig_rtmem_inner.o(.text) for __rt_SIGRTMEM_inner
    defsig_rtmem_outer.o(.text) refers to defsig_exit.o(.text) for __sig_exit
    defsig_rtmem_formal.o(.text) refers to rt_raise.o(.text) for __rt_raise
    rt_raise.o(.text) refers to __raise.o(.text) for __raise
    rt_raise.o(.text) refers to sys_exit.o(.text) for _sys_exit
    defsig_exit.o(.text) refers to sys_exit.o(.text) for _sys_exit
    defsig_rtmem_inner.o(.text) refers to defsig_general.o(.text) for __default_signal_display
    __raise.o(.text) refers to defsig.o(CL$$defsig) for __default_signal_handler
    defsig_general.o(.text) refers to sys_wrch.o(.text) for _ttywrch
    sys_wrch.o(.text) refers (Special) to use_no_semi.o(.text) for __I$use$semihosting
    sys_wrch.o(.text) refers (Special) to indicate_semi.o(.text) for __semihosting_library_function
    defsig.o(CL$$defsig) refers to defsig_rtmem_inner.o(.text) for __rt_SIGRTMEM_inner
    defsig_abrt_inner.o(.text) refers to defsig_general.o(.text) for __default_signal_display
    defsig_fpe_inner.o(.text) refers to defsig_general.o(.text) for __default_signal_display
    defsig_rtred_inner.o(.text) refers to defsig_general.o(.text) for __default_signal_display
    defsig_stak_inner.o(.text) refers to defsig_general.o(.text) for __default_signal_display
    defsig_pvfn_inner.o(.text) refers to defsig_general.o(.text) for __default_signal_display
    defsig_cppl_inner.o(.text) refers to defsig_general.o(.text) for __default_signal_display
    defsig_segv_inner.o(.text) refers to defsig_general.o(.text) for __default_signal_display
    defsig_other.o(.text) refers to defsig_general.o(.text) for __default_signal_display


==============================================================================

Removing Unused input sections from the image.

    Removing nokia5110.o(i.Nokia5110_OutUDec), (412 bytes).
    Removing spaceinvaders.o(i.Delay100ms), (36 bytes).
    Removing texas.o(i.SetMode), (24 bytes).
    Removing texas.o(i.StartTimer4), (36 bytes).
    Removing texas.o(i.StopTimer4), (24 bytes).
    Removing texas.o(i.TExaS_Stop), (28 bytes).
    Removing texas.o(i.UART0_InChar), (24 bytes).
    Removing texas.o(i.UART0_InCharNonBlocking), (28 bytes).
    Removing texas.o(i.UART0_OutChar), (24 bytes).
    Removing texas.o(i.UART0_OutCharNonBlock), (12 bytes).
    Removing texas.o(i.copy), (18 bytes).
    Removing soundeffect.o(i.Sound_Effect), (10 bytes).
    Removing soundeffect.o(i.Sound_Off), (8 bytes).

13 unused section(s) (total 684 bytes) removed from the image.

==============================================================================

Image Symbol Table

    Local Symbols

    Symbol Name                              Value     Ov Type        Size  Object(Section)

    RESET                                    0x00000000   Section      644  startup.o(RESET)
    ../clib/angel/boardlib.s                 0x00000000   Number         0  boardinit2.o ABSOLUTE
    ../clib/angel/boardlib.s                 0x00000000   Number         0  boardinit3.o ABSOLUTE
    ../clib/angel/boardlib.s                 0x00000000   Number         0  boardshut.o ABSOLUTE
    ../clib/angel/boardlib.s                 0x00000000   Number         0  boardinit1.o ABSOLUTE
    ../clib/angel/handlers.s                 0x00000000   Number         0  __scatter_copy.o ABSOLUTE
    ../clib/angel/handlers.s                 0x00000000   Number         0  __scatter_zi.o ABSOLUTE
    ../clib/angel/kernel.s                   0x00000000   Number         0  rtentry2.o ABSOLUTE
    ../clib/angel/kernel.s                   0x00000000   Number         0  rtexit.o ABSOLUTE
    ../clib/angel/kernel.s                   0x00000000   Number         0  rtexit2.o ABSOLUTE
    ../clib/angel/kernel.s                   0x00000000   Number         0  rtentry4.o ABSOLUTE
    ../clib/angel/kernel.s                   0x00000000   Number         0  rtentry.o ABSOLUTE
    ../clib/angel/rt.s                       0x00000000   Number         0  rt_raise.o ABSOLUTE
    ../clib/angel/scatter.s                  0x00000000   Number         0  __scatter.o ABSOLUTE
    ../clib/angel/startup.s                  0x00000000   Number         0  __main.o ABSOLUTE
    ../clib/angel/sys.s                      0x00000000   Number         0  indicate_semi.o ABSOLUTE
    ../clib/angel/sys.s                      0x00000000   Number         0  use_no_semi.o ABSOLUTE
    ../clib/angel/sys.s                      0x00000000   Number         0  libspace.o ABSOLUTE
    ../clib/angel/sys.s                      0x00000000   Number         0  sys_stackheap_outer.o ABSOLUTE
    ../clib/angel/sysapp.c                   0x00000000   Number         0  sys_exit.o ABSOLUTE
    ../clib/angel/sysapp.c                   0x00000000   Number         0  sys_wrch.o ABSOLUTE
    ../clib/angel/sysapp.c                   0x00000000   Number         0  sys_command.o ABSOLUTE
    ../clib/armsys.c                         0x00000000   Number         0  no_argv.o ABSOLUTE
    ../clib/armsys.c                         0x00000000   Number         0  argv_veneer.o ABSOLUTE
    ../clib/armsys.c                         0x00000000   Number         0  argv_veneer.o ABSOLUTE
    ../clib/armsys.c                         0x00000000   Number         0  _get_argv_nomalloc.o ABSOLUTE
    ../clib/heapalloc.c                      0x00000000   Number         0  hrguard.o ABSOLUTE
    ../clib/heapaux.c                        0x00000000   Number         0  heapauxi.o ABSOLUTE
    ../clib/libinit.s                        0x00000000   Number         0  libinit.o ABSOLUTE
    ../clib/libinit.s                        0x00000000   Number         0  libshutdown.o ABSOLUTE
    ../clib/libinit.s                        0x00000000   Number         0  libinit2.o ABSOLUTE
    ../clib/libinit.s                        0x00000000   Number         0  libshutdown2.o ABSOLUTE
    ../clib/memcpset.s                       0x00000000   Number         0  rt_memcpy_w.o ABSOLUTE
    ../clib/signal.c                         0x00000000   Number         0  defsig_cppl_inner.o ABSOLUTE
    ../clib/signal.c                         0x00000000   Number         0  defsig_fpe_inner.o ABSOLUTE
    ../clib/signal.c                         0x00000000   Number         0  defsig_other.o ABSOLUTE
    ../clib/signal.c                         0x00000000   Number         0  defsig_segv_inner.o ABSOLUTE
    ../clib/signal.c                         0x00000000   Number         0  defsig_pvfn_inner.o ABSOLUTE
    ../clib/signal.c                         0x00000000   Number         0  defsig_stak_inner.o ABSOLUTE
    ../clib/signal.c                         0x00000000   Number         0  defsig_rtred_inner.o ABSOLUTE
    ../clib/signal.c                         0x00000000   Number         0  defsig_abrt_inner.o ABSOLUTE
    ../clib/signal.c                         0x00000000   Number         0  defsig_general.o ABSOLUTE
    ../clib/signal.c                         0x00000000   Number         0  __raise.o ABSOLUTE
    ../clib/signal.c                         0x00000000   Number         0  defsig_rtmem_inner.o ABSOLUTE
    ../clib/signal.c                         0x00000000   Number         0  defsig_exit.o ABSOLUTE
    ../clib/signal.c                         0x00000000   Number         0  defsig_rtmem_formal.o ABSOLUTE
    ../clib/signal.c                         0x00000000   Number         0  defsig_rtmem_outer.o ABSOLUTE
    ../clib/signal.s                         0x00000000   Number         0  defsig.o ABSOLUTE
    ../clib/stdlib.c                         0x00000000   Number         0  exit.o ABSOLUTE
    ../fplib/daddsub.s                       0x00000000   Number         0  daddsub_clz.o ABSOLUTE
    ../fplib/ddiv.s                          0x00000000   Number         0  ddiv.o ABSOLUTE
    ../fplib/dfixu.s                         0x00000000   Number         0  dfixu.o ABSOLUTE
    ../fplib/dflt.s                          0x00000000   Number         0  dflt_clz.o ABSOLUTE
    ../fplib/dmul.s                          0x00000000   Number         0  dmul.o ABSOLUTE
    ../fplib/dnaninf.s                       0x00000000   Number         0  dnaninf.o ABSOLUTE
    ../fplib/dretinf.s                       0x00000000   Number         0  dretinf.o ABSOLUTE
    ../fplib/fpinit.s                        0x00000000   Number         0  fpinit.o ABSOLUTE
    ../fplib/usenofp.s                       0x00000000   Number         0  usenofp.o ABSOLUTE
    DigitalAnalogCOnverter.c                 0x00000000   Number         0  digitalanalogconverter.o ABSOLUTE
    Nokia5110.c                              0x00000000   Number         0  nokia5110.o ABSOLUTE
    SlideADC.c                               0x00000000   Number         0  slideadc.o ABSOLUTE
    SoundEffect.c                            0x00000000   Number         0  soundeffect.o ABSOLUTE
    SpaceInvaders.c                          0x00000000   Number         0  spaceinvaders.o ABSOLUTE
    TExaS.c                                  0x00000000   Number         0  texas.o ABSOLUTE
    dc.s                                     0x00000000   Number         0  dc.o ABSOLUTE
    random.s                                 0x00000000   Number         0  random.o ABSOLUTE
    startup.s                                0x00000000   Number         0  startup.o ABSOLUTE
    !!!main                                  0x00000284   Section        8  __main.o(!!!main)
    !!!scatter                               0x0000028c   Section       52  __scatter.o(!!!scatter)
    !!handler_copy                           0x000002c0   Section       26  __scatter_copy.o(!!handler_copy)
    !!handler_zi                             0x000002dc   Section       28  __scatter_zi.o(!!handler_zi)
    .ARM.Collect$$libinit$$00000000          0x000002f8   Section        2  libinit.o(.ARM.Collect$$libinit$$00000000)
    .ARM.Collect$$libinit$$00000002          0x000002fa   Section        0  libinit2.o(.ARM.Collect$$libinit$$00000002)
    .ARM.Collect$$libinit$$00000008          0x000002fa   Section        0  libinit2.o(.ARM.Collect$$libinit$$00000008)
    .ARM.Collect$$libinit$$0000000A          0x000002fa   Section        0  libinit2.o(.ARM.Collect$$libinit$$0000000A)
    .ARM.Collect$$libinit$$0000000C          0x000002fa   Section        0  libinit2.o(.ARM.Collect$$libinit$$0000000C)
    .ARM.Collect$$libinit$$0000000F          0x000002fa   Section        0  libinit2.o(.ARM.Collect$$libinit$$0000000F)
    .ARM.Collect$$libinit$$00000011          0x000002fa   Section        0  libinit2.o(.ARM.Collect$$libinit$$00000011)
    .ARM.Collect$$libinit$$00000013          0x000002fa   Section        0  libinit2.o(.ARM.Collect$$libinit$$00000013)
    .ARM.Collect$$libinit$$00000015          0x000002fa   Section        0  libinit2.o(.ARM.Collect$$libinit$$00000015)
    .ARM.Collect$$libinit$$00000017          0x000002fa   Section        0  libinit2.o(.ARM.Collect$$libinit$$00000017)
    .ARM.Collect$$libinit$$00000019          0x000002fa   Section        0  libinit2.o(.ARM.Collect$$libinit$$00000019)
    .ARM.Collect$$libinit$$0000001B          0x000002fa   Section        0  libinit2.o(.ARM.Collect$$libinit$$0000001B)
    .ARM.Collect$$libinit$$0000001D          0x000002fa   Section        0  libinit2.o(.ARM.Collect$$libinit$$0000001D)
    .ARM.Collect$$libinit$$0000001F          0x000002fa   Section        0  libinit2.o(.ARM.Collect$$libinit$$0000001F)
    .ARM.Collect$$libinit$$00000021          0x000002fa   Section        0  libinit2.o(.ARM.Collect$$libinit$$00000021)
    .ARM.Collect$$libinit$$00000023          0x000002fa   Section        0  libinit2.o(.ARM.Collect$$libinit$$00000023)
    .ARM.Collect$$libinit$$0000002A          0x000002fa   Section        0  libinit2.o(.ARM.Collect$$libinit$$0000002A)
    .ARM.Collect$$libinit$$0000002C          0x000002fa   Section        0  libinit2.o(.ARM.Collect$$libinit$$0000002C)
    .ARM.Collect$$libinit$$0000002E          0x000002fa   Section        0  libinit2.o(.ARM.Collect$$libinit$$0000002E)
    .ARM.Collect$$libinit$$00000030          0x000002fa   Section        0  libinit2.o(.ARM.Collect$$libinit$$00000030)
    .ARM.Collect$$libinit$$00000031          0x000002fa   Section        2  libinit2.o(.ARM.Collect$$libinit$$00000031)
    .ARM.Collect$$libshutdown$$00000000      0x000002fc   Section        2  libshutdown.o(.ARM.Collect$$libshutdown$$00000000)
    .ARM.Collect$$libshutdown$$00000003      0x000002fe   Section        0  libshutdown2.o(.ARM.Collect$$libshutdown$$00000003)
    .ARM.Collect$$libshutdown$$00000006      0x000002fe   Section        0  libshutdown2.o(.ARM.Collect$$libshutdown$$00000006)
    .ARM.Collect$$libshutdown$$00000009      0x000002fe   Section        0  libshutdown2.o(.ARM.Collect$$libshutdown$$00000009)
    .ARM.Collect$$libshutdown$$0000000B      0x000002fe   Section        0  libshutdown2.o(.ARM.Collect$$libshutdown$$0000000B)
    .ARM.Collect$$libshutdown$$0000000E      0x000002fe   Section        0  libshutdown2.o(.ARM.Collect$$libshutdown$$0000000E)
    .ARM.Collect$$libshutdown$$0000000F      0x000002fe   Section        2  libshutdown2.o(.ARM.Collect$$libshutdown$$0000000F)
    .ARM.Collect$$rtentry$$00000000          0x00000300   Section        0  rtentry.o(.ARM.Collect$$rtentry$$00000000)
    .ARM.Collect$$rtentry$$00000002          0x00000300   Section        0  rtentry2.o(.ARM.Collect$$rtentry$$00000002)
    .ARM.Collect$$rtentry$$00000004          0x00000300   Section        6  rtentry4.o(.ARM.Collect$$rtentry$$00000004)
    .ARM.Collect$$rtentry$$00000009          0x00000306   Section        0  rtentry2.o(.ARM.Collect$$rtentry$$00000009)
    .ARM.Collect$$rtentry$$0000000A          0x00000306   Section        4  rtentry2.o(.ARM.Collect$$rtentry$$0000000A)
    .ARM.Collect$$rtentry$$0000000C          0x0000030a   Section        0  rtentry2.o(.ARM.Collect$$rtentry$$0000000C)
    .ARM.Collect$$rtentry$$0000000D          0x0000030a   Section        8  rtentry2.o(.ARM.Collect$$rtentry$$0000000D)
    .ARM.Collect$$rtexit$$00000000           0x00000312   Section        2  rtexit.o(.ARM.Collect$$rtexit$$00000000)
    .ARM.Collect$$rtexit$$00000002           0x00000314   Section        0  rtexit2.o(.ARM.Collect$$rtexit$$00000002)
    .ARM.Collect$$rtexit$$00000003           0x00000314   Section        4  rtexit2.o(.ARM.Collect$$rtexit$$00000003)
    .ARM.Collect$$rtexit$$00000004           0x00000318   Section        6  rtexit2.o(.ARM.Collect$$rtexit$$00000004)
    .text                                    0x00000320   Section       48  startup.o(.text)
    .text                                    0x00000350   Section       64  random.o(.text)
    .text                                    0x00000390   Section      100  rt_memcpy_w.o(.text)
    .text                                    0x000003f4   Section        0  heapauxi.o(.text)
    .text                                    0x000003fa   Section       74  sys_stackheap_outer.o(.text)
    .text                                    0x00000444   Section        0  exit.o(.text)
    .text                                    0x00000450   Section        8  libspace.o(.text)
    .text                                    0x00000458   Section        0  sys_exit.o(.text)
    .text                                    0x00000464   Section        2  use_no_semi.o(.text)
    .text                                    0x00000466   Section        0  indicate_semi.o(.text)
    i.ADC1_In                                0x00000468   Section        0  texas.o(i.ADC1_In)
    i.ADC1_Init                              0x00000474   Section        0  texas.o(i.ADC1_Init)
    i.ADC_In                                 0x00000548   Section        0  slideadc.o(i.ADC_In)
    i.ADC_Init                               0x00000574   Section        0  slideadc.o(i.ADC_Init)
    i.DAC_Init                               0x00000650   Section        0  digitalanalogconverter.o(i.DAC_Init)
    i.DAC_Out                                0x000006c0   Section        0  digitalanalogconverter.o(i.DAC_Out)
    i.DetectCollision                        0x000006cc   Section        0  spaceinvaders.o(i.DetectCollision)
    i.Draw                                   0x00000754   Section        0  spaceinvaders.o(i.Draw)
    i.GPIOPortE_Handler                      0x00000968   Section        0  spaceinvaders.o(i.GPIOPortE_Handler)
    i.Leds_Init                              0x00000b00   Section        0  spaceinvaders.o(i.Leds_Init)
    i.Move                                   0x00000b88   Section        0  spaceinvaders.o(i.Move)
    i.Nokia5110_Clear                        0x0000136c   Section        0  nokia5110.o(i.Nokia5110_Clear)
    i.Nokia5110_ClearBuffer                  0x0000138c   Section        0  nokia5110.o(i.Nokia5110_ClearBuffer)
    i.Nokia5110_DisplayBuffer                0x000013a4   Section        0  nokia5110.o(i.Nokia5110_DisplayBuffer)
    i.Nokia5110_DrawFullImage                0x000013b4   Section        0  nokia5110.o(i.Nokia5110_DrawFullImage)
    i.Nokia5110_Init                         0x000013d8   Section        0  nokia5110.o(i.Nokia5110_Init)
    i.Nokia5110_OutChar                      0x00001544   Section        0  nokia5110.o(i.Nokia5110_OutChar)
    i.Nokia5110_OutString                    0x0000157c   Section        0  nokia5110.o(i.Nokia5110_OutString)
    i.Nokia5110_PrintBMP                     0x00001594   Section        0  nokia5110.o(i.Nokia5110_PrintBMP)
    i.Nokia5110_SetCursor                    0x0000173c   Section        0  nokia5110.o(i.Nokia5110_SetCursor)
    i.PLL_Init                               0x0000176c   Section        0  texas.o(i.PLL_Init)
    i.PlayerPositionX                        0x000017e8   Section        0  slideadc.o(i.PlayerPositionX)
    i.SetCode                                0x0000184c   Section        0  texas.o(i.SetCode)
    i.SetCourse                              0x00001864   Section        0  texas.o(i.SetCourse)
    i.Sound_Init                             0x0000187c   Section        0  soundeffect.o(i.Sound_Init)
    i.Switches_Init                          0x000018b4   Section        0  spaceinvaders.o(i.Switches_Init)
    i.SysTick_Handler                        0x00001994   Section        0  soundeffect.o(i.SysTick_Handler)
    i.TExaS_Init                             0x000019bc   Section        0  texas.o(i.TExaS_Init)
    i.Timer2A_Handler                        0x00001b80   Section        0  spaceinvaders.o(i.Timer2A_Handler)
    i.Timer2_Init                            0x00001b9c   Section        0  spaceinvaders.o(i.Timer2_Init)
    i.Timer4A_Handler                        0x00001c1c   Section        0  texas.o(i.Timer4A_Handler)
    i.Timer5A_Handler                        0x00001c3c   Section        0  texas.o(i.Timer5A_Handler)
    i.UART0_Init                             0x00001c6c   Section        0  texas.o(i.UART0_Init)
    i.createFigures                          0x00001d2c   Section        0  spaceinvaders.o(i.createFigures)
    i.lcdwrite                               0x00001ef0   Section        0  nokia5110.o(i.lcdwrite)
    lcdwrite                                 0x00001ef1   Thumb Code    66  nokia5110.o(i.lcdwrite)
    i.main                                   0x00001f3c   Section        0  spaceinvaders.o(i.main)
    x$fpl$dadd                               0x00001f90   Section      336  daddsub_clz.o(x$fpl$dadd)
    _dadd1                                   0x00001fa1   Thumb Code     0  daddsub_clz.o(x$fpl$dadd)
    x$fpl$ddiv                               0x000020e0   Section      688  ddiv.o(x$fpl$ddiv)
    ddiv_entry                               0x000020e7   Thumb Code     0  ddiv.o(x$fpl$ddiv)
    x$fpl$dfixu                              0x00002390   Section       90  dfixu.o(x$fpl$dfixu)
    x$fpl$dfltu                              0x000023ea   Section       38  dflt_clz.o(x$fpl$dfltu)
    x$fpl$dmul                               0x00002410   Section      340  dmul.o(x$fpl$dmul)
    x$fpl$dnaninf                            0x00002564   Section      156  dnaninf.o(x$fpl$dnaninf)
    x$fpl$dretinf                            0x00002600   Section       12  dretinf.o(x$fpl$dretinf)
    x$fpl$dsub                               0x0000260c   Section      468  daddsub_clz.o(x$fpl$dsub)
    _dsub1                                   0x0000261d   Thumb Code     0  daddsub_clz.o(x$fpl$dsub)
    .constdata                               0x000027e0   Section      480  nokia5110.o(.constdata)
    x$fpl$usenofp                            0x000027e0   Section        0  usenofp.o(x$fpl$usenofp)
    ASCII                                    0x000027e0   Data         480  nokia5110.o(.constdata)
    .constdata                               0x000029c0   Section     4411  spaceinvaders.o(.constdata)
    ASCII                                    0x000029c0   Data         480  spaceinvaders.o(.constdata)
    .constdata                               0x00003afb   Section      360  texas.o(.constdata)
    .constdata                               0x00003c63   Section       16  soundeffect.o(.constdata)
    .data                                    0x20000000   Section       28  spaceinvaders.o(.data)
    .data                                    0x2000001c   Section       52  texas.o(.data)
    .data                                    0x20000050   Section        1  soundeffect.o(.data)
    DATA                                     0x20000054   Section        4  random.o(DATA)
    M                                        0x20000054   Data           4  random.o(DATA)
    .bss                                     0x20000058   Section      504  nokia5110.o(.bss)
    .bss                                     0x20000250   Section      340  spaceinvaders.o(.bss)
    .bss                                     0x200003a8   Section       56  texas.o(.bss)
    .bss                                     0x200003e0   Section       96  libspace.o(.bss)
    HEAP                                     0x20000440   Section        0  startup.o(HEAP)
    STACK                                    0x20000440   Section     1024  startup.o(STACK)
    HeapMem                                  0x20000440   Data           0  startup.o(HEAP)
    StackMem                                 0x20000440   Data           0  startup.o(STACK)

    Global Symbols

    Symbol Name                              Value     Ov Type        Size  Object(Section)

    BuildAttributes$$THM_ISAv4$E$P$D$K$B$S$7EM$PE$A:L22UL41UL21$X:L11$S22US41US21$IEEE1$IW$USESV6$~STKCKD$USESV7$~SHL$OSPACE$ROPI$EBA8$UX$STANDARDLIB$REQ8$PRES8$EABIv2 0x00000000   Number         0  anon$$obj.o ABSOLUTE
    __ARM_use_no_argv                        0x00000000   Number         0  spaceinvaders.o ABSOLUTE
    __Vectors                                0x00000000   Data           0  startup.o(RESET)
    __ARM_exceptions_init                     - Undefined Weak Reference
    __alloca_initialize                       - Undefined Weak Reference
    __cpp_initialize__aeabi_                  - Undefined Weak Reference
    __cxa_finalize                            - Undefined Weak Reference
    __rt_locale                               - Undefined Weak Reference
    __sigvec_lookup                           - Undefined Weak Reference
    _atexit_init                              - Undefined Weak Reference
    _call_atexit_fns                          - Undefined Weak Reference
    _clock_init                               - Undefined Weak Reference
    _fp_trap_init                             - Undefined Weak Reference
    _fp_trap_shutdown                         - Undefined Weak Reference
    _get_lc_collate                           - Undefined Weak Reference
    _get_lc_ctype                             - Undefined Weak Reference
    _get_lc_monetary                          - Undefined Weak Reference
    _get_lc_numeric                           - Undefined Weak Reference
    _get_lc_time                              - Undefined Weak Reference
    _getenv_init                              - Undefined Weak Reference
    _handle_redirection                       - Undefined Weak Reference
    _init_alloc                               - Undefined Weak Reference
    _init_user_alloc                          - Undefined Weak Reference
    _initio                                   - Undefined Weak Reference
    _rand_init                                - Undefined Weak Reference
    _signal_finish                            - Undefined Weak Reference
    _signal_init                              - Undefined Weak Reference
    _terminate_alloc                          - Undefined Weak Reference
    _terminate_user_alloc                     - Undefined Weak Reference
    _terminateio                              - Undefined Weak Reference
    Reset_Handler                            0x0000026d   Thumb Code     0  startup.o(RESET)
    NMI_Handler                              0x00000271   Thumb Code     2  startup.o(RESET)
    HardFault_Handler                        0x00000273   Thumb Code     2  startup.o(RESET)
    MemManage_Handler                        0x00000275   Thumb Code     2  startup.o(RESET)
    BusFault_Handler                         0x00000277   Thumb Code     2  startup.o(RESET)
    UsageFault_Handler                       0x00000279   Thumb Code     2  startup.o(RESET)
    SVC_Handler                              0x0000027b   Thumb Code     2  startup.o(RESET)
    DebugMon_Handler                         0x0000027d   Thumb Code     2  startup.o(RESET)
    PendSV_Handler                           0x0000027f   Thumb Code     2  startup.o(RESET)
    ADC0Seq0_Handler                         0x00000283   Thumb Code     0  startup.o(RESET)
    ADC0Seq1_Handler                         0x00000283   Thumb Code     0  startup.o(RESET)
    ADC0Seq2_Handler                         0x00000283   Thumb Code     0  startup.o(RESET)
    ADC0Seq3_Handler                         0x00000283   Thumb Code     0  startup.o(RESET)
    ADC1Seq0_Handler                         0x00000283   Thumb Code     0  startup.o(RESET)
    ADC1Seq1_Handler                         0x00000283   Thumb Code     0  startup.o(RESET)
    ADC1Seq2_Handler                         0x00000283   Thumb Code     0  startup.o(RESET)
    ADC1Seq3_Handler                         0x00000283   Thumb Code     0  startup.o(RESET)
    CAN0_Handler                             0x00000283   Thumb Code     0  startup.o(RESET)
    CAN1_Handler                             0x00000283   Thumb Code     0  startup.o(RESET)
    CAN2_Handler                             0x00000283   Thumb Code     0  startup.o(RESET)
    Comp0_Handler                            0x00000283   Thumb Code     0  startup.o(RESET)
    Comp1_Handler                            0x00000283   Thumb Code     0  startup.o(RESET)
    Comp2_Handler                            0x00000283   Thumb Code     0  startup.o(RESET)
    Ethernet_Handler                         0x00000283   Thumb Code     0  startup.o(RESET)
    ExtBus_Handler                           0x00000283   Thumb Code     0  startup.o(RESET)
    FPU_Handler                              0x00000283   Thumb Code     0  startup.o(RESET)
    Fan0_Handler                             0x00000283   Thumb Code     0  startup.o(RESET)
    FlashCtl_Handler                         0x00000283   Thumb Code     0  startup.o(RESET)
    GPIOPortA_Handler                        0x00000283   Thumb Code     0  startup.o(RESET)
    GPIOPortB_Handler                        0x00000283   Thumb Code     0  startup.o(RESET)
    GPIOPortC_Handler                        0x00000283   Thumb Code     0  startup.o(RESET)
    GPIOPortD_Handler                        0x00000283   Thumb Code     0  startup.o(RESET)
    GPIOPortF_Handler                        0x00000283   Thumb Code     0  startup.o(RESET)
    GPIOPortG_Handler                        0x00000283   Thumb Code     0  startup.o(RESET)
    GPIOPortH_Handler                        0x00000283   Thumb Code     0  startup.o(RESET)
    GPIOPortJ_Handler                        0x00000283   Thumb Code     0  startup.o(RESET)
    GPIOPortK_Handler                        0x00000283   Thumb Code     0  startup.o(RESET)
    GPIOPortL_Handler                        0x00000283   Thumb Code     0  startup.o(RESET)
    GPIOPortM_Handler                        0x00000283   Thumb Code     0  startup.o(RESET)
    GPIOPortN_Handler                        0x00000283   Thumb Code     0  startup.o(RESET)
    GPIOPortP1_Handler                       0x00000283   Thumb Code     0  startup.o(RESET)
    GPIOPortP2_Handler                       0x00000283   Thumb Code     0  startup.o(RESET)
    GPIOPortP3_Handler                       0x00000283   Thumb Code     0  startup.o(RESET)
    GPIOPortP4_Handler                       0x00000283   Thumb Code     0  startup.o(RESET)
    GPIOPortP5_Handler                       0x00000283   Thumb Code     0  startup.o(RESET)
    GPIOPortP6_Handler                       0x00000283   Thumb Code     0  startup.o(RESET)
    GPIOPortP7_Handler                       0x00000283   Thumb Code     0  startup.o(RESET)
    GPIOPortP_Handler                        0x00000283   Thumb Code     0  startup.o(RESET)
    GPIOPortQ1_Handler                       0x00000283   Thumb Code     0  startup.o(RESET)
    GPIOPortQ2_Handler                       0x00000283   Thumb Code     0  startup.o(RESET)
    GPIOPortQ3_Handler                       0x00000283   Thumb Code     0  startup.o(RESET)
    GPIOPortQ4_Handler                       0x00000283   Thumb Code     0  startup.o(RESET)
    GPIOPortQ5_Handler                       0x00000283   Thumb Code     0  startup.o(RESET)
    GPIOPortQ6_Handler                       0x00000283   Thumb Code     0  startup.o(RESET)
    GPIOPortQ7_Handler                       0x00000283   Thumb Code     0  startup.o(RESET)
    GPIOPortQ_Handler                        0x00000283   Thumb Code     0  startup.o(RESET)
    GPIOPortR_Handler                        0x00000283   Thumb Code     0  startup.o(RESET)
    GPIOPortS_Handler                        0x00000283   Thumb Code     0  startup.o(RESET)
    Hibernate_Handler                        0x00000283   Thumb Code     0  startup.o(RESET)
    I2C0_Handler                             0x00000283   Thumb Code     0  startup.o(RESET)
    I2C1_Handler                             0x00000283   Thumb Code     0  startup.o(RESET)
    I2C2_Handler                             0x00000283   Thumb Code     0  startup.o(RESET)
    I2C3_Handler                             0x00000283   Thumb Code     0  startup.o(RESET)
    I2C4_Handler                             0x00000283   Thumb Code     0  startup.o(RESET)
    I2C5_Handler                             0x00000283   Thumb Code     0  startup.o(RESET)
    I2S0_Handler                             0x00000283   Thumb Code     0  startup.o(RESET)
    LPC0_Handler                             0x00000283   Thumb Code     0  startup.o(RESET)
    PECI0_Handler                            0x00000283   Thumb Code     0  startup.o(RESET)
    PWM0Fault_Handler                        0x00000283   Thumb Code     0  startup.o(RESET)
    PWM0Generator0_Handler                   0x00000283   Thumb Code     0  startup.o(RESET)
    PWM0Generator1_Handler                   0x00000283   Thumb Code     0  startup.o(RESET)
    PWM0Generator2_Handler                   0x00000283   Thumb Code     0  startup.o(RESET)
    PWM0Generator3_Handler                   0x00000283   Thumb Code     0  startup.o(RESET)
    PWM1Fault_Handler                        0x00000283   Thumb Code     0  startup.o(RESET)
    PWM1Generator0_Handler                   0x00000283   Thumb Code     0  startup.o(RESET)
    PWM1Generator1_Handler                   0x00000283   Thumb Code     0  startup.o(RESET)
    PWM1Generator2_Handler                   0x00000283   Thumb Code     0  startup.o(RESET)
    PWM1Generator3_Handler                   0x00000283   Thumb Code     0  startup.o(RESET)
    Quadrature0_Handler                      0x00000283   Thumb Code     0  startup.o(RESET)
    Quadrature1_Handler                      0x00000283   Thumb Code     0  startup.o(RESET)
    Quadrature2_Handler                      0x00000283   Thumb Code     0  startup.o(RESET)
    SSI0_Handler                             0x00000283   Thumb Code     0  startup.o(RESET)
    SSI1_Handler                             0x00000283   Thumb Code     0  startup.o(RESET)
    SSI2_Handler                             0x00000283   Thumb Code     0  startup.o(RESET)
    SSI3_Handler                             0x00000283   Thumb Code     0  startup.o(RESET)
    SysCtl_Handler                           0x00000283   Thumb Code     0  startup.o(RESET)
    Timer0A_Handler                          0x00000283   Thumb Code     0  startup.o(RESET)
    Timer0B_Handler                          0x00000283   Thumb Code     0  startup.o(RESET)
    Timer1A_Handler                          0x00000283   Thumb Code     0  startup.o(RESET)
    Timer1B_Handler                          0x00000283   Thumb Code     0  startup.o(RESET)
    Timer2B_Handler                          0x00000283   Thumb Code     0  startup.o(RESET)
    Timer3A_Handler                          0x00000283   Thumb Code     0  startup.o(RESET)
    Timer3B_Handler                          0x00000283   Thumb Code     0  startup.o(RESET)
    Timer4B_Handler                          0x00000283   Thumb Code     0  startup.o(RESET)
    Timer5B_Handler                          0x00000283   Thumb Code     0  startup.o(RESET)
    UART0_Handler                            0x00000283   Thumb Code     0  startup.o(RESET)
    UART1_Handler                            0x00000283   Thumb Code     0  startup.o(RESET)
    UART2_Handler                            0x00000283   Thumb Code     0  startup.o(RESET)
    UART3_Handler                            0x00000283   Thumb Code     0  startup.o(RESET)
    UART4_Handler                            0x00000283   Thumb Code     0  startup.o(RESET)
    UART5_Handler                            0x00000283   Thumb Code     0  startup.o(RESET)
    UART6_Handler                            0x00000283   Thumb Code     0  startup.o(RESET)
    UART7_Handler                            0x00000283   Thumb Code     0  startup.o(RESET)
    USB0_Handler                             0x00000283   Thumb Code     0  startup.o(RESET)
    WDT_Handler                              0x00000283   Thumb Code     0  startup.o(RESET)
    WideTimer0A_Handler                      0x00000283   Thumb Code     0  startup.o(RESET)
    WideTimer0B_Handler                      0x00000283   Thumb Code     0  startup.o(RESET)
    WideTimer1A_Handler                      0x00000283   Thumb Code     0  startup.o(RESET)
    WideTimer1B_Handler                      0x00000283   Thumb Code     0  startup.o(RESET)
    WideTimer2A_Handler                      0x00000283   Thumb Code     0  startup.o(RESET)
    WideTimer2B_Handler                      0x00000283   Thumb Code     0  startup.o(RESET)
    WideTimer3A_Handler                      0x00000283   Thumb Code     0  startup.o(RESET)
    WideTimer3B_Handler                      0x00000283   Thumb Code     0  startup.o(RESET)
    WideTimer4A_Handler                      0x00000283   Thumb Code     0  startup.o(RESET)
    WideTimer4B_Handler                      0x00000283   Thumb Code     0  startup.o(RESET)
    WideTimer5A_Handler                      0x00000283   Thumb Code     0  startup.o(RESET)
    WideTimer5B_Handler                      0x00000283   Thumb Code     0  startup.o(RESET)
    uDMA_Error                               0x00000283   Thumb Code     0  startup.o(RESET)
    uDMA_Handler                             0x00000283   Thumb Code     0  startup.o(RESET)
    __main                                   0x00000285   Thumb Code     8  __main.o(!!!main)
    __scatterload                            0x0000028d   Thumb Code     0  __scatter.o(!!!scatter)
    __scatterload_rt2                        0x0000028d   Thumb Code    44  __scatter.o(!!!scatter)
    __scatterload_rt2_thumb_only             0x0000028d   Thumb Code     0  __scatter.o(!!!scatter)
    __scatterload_null                       0x0000029b   Thumb Code     0  __scatter.o(!!!scatter)
    __scatterload_copy                       0x000002c1   Thumb Code    26  __scatter_copy.o(!!handler_copy)
    __scatterload_zeroinit                   0x000002dd   Thumb Code    28  __scatter_zi.o(!!handler_zi)
    __rt_lib_init                            0x000002f9   Thumb Code     0  libinit.o(.ARM.Collect$$libinit$$00000000)
    __rt_lib_init_alloca_1                   0x000002fb   Thumb Code     0  libinit2.o(.ARM.Collect$$libinit$$0000002C)
    __rt_lib_init_argv_1                     0x000002fb   Thumb Code     0  libinit2.o(.ARM.Collect$$libinit$$0000002A)
    __rt_lib_init_atexit_1                   0x000002fb   Thumb Code     0  libinit2.o(.ARM.Collect$$libinit$$00000019)
    __rt_lib_init_clock_1                    0x000002fb   Thumb Code     0  libinit2.o(.ARM.Collect$$libinit$$0000001F)
    __rt_lib_init_cpp_1                      0x000002fb   Thumb Code     0  libinit2.o(.ARM.Collect$$libinit$$00000030)
    __rt_lib_init_exceptions_1               0x000002fb   Thumb Code     0  libinit2.o(.ARM.Collect$$libinit$$0000002E)
    __rt_lib_init_fp_1                       0x000002fb   Thumb Code     0  libinit2.o(.ARM.Collect$$libinit$$00000002)
    __rt_lib_init_fp_trap_1                  0x000002fb   Thumb Code     0  libinit2.o(.ARM.Collect$$libinit$$0000001D)
    __rt_lib_init_getenv_1                   0x000002fb   Thumb Code     0  libinit2.o(.ARM.Collect$$libinit$$00000021)
    __rt_lib_init_heap_1                     0x000002fb   Thumb Code     0  libinit2.o(.ARM.Collect$$libinit$$00000008)
    __rt_lib_init_lc_collate_1               0x000002fb   Thumb Code     0  libinit2.o(.ARM.Collect$$libinit$$0000000F)
    __rt_lib_init_lc_ctype_1                 0x000002fb   Thumb Code     0  libinit2.o(.ARM.Collect$$libinit$$00000011)
    __rt_lib_init_lc_monetary_1              0x000002fb   Thumb Code     0  libinit2.o(.ARM.Collect$$libinit$$00000013)
    __rt_lib_init_lc_numeric_1               0x000002fb   Thumb Code     0  libinit2.o(.ARM.Collect$$libinit$$00000015)
    __rt_lib_init_lc_time_1                  0x000002fb   Thumb Code     0  libinit2.o(.ARM.Collect$$libinit$$00000017)
    __rt_lib_init_rand_1                     0x000002fb   Thumb Code     0  libinit2.o(.ARM.Collect$$libinit$$0000000C)
    __rt_lib_init_return                     0x000002fb   Thumb Code     0  libinit2.o(.ARM.Collect$$libinit$$00000031)
    __rt_lib_init_signal_1                   0x000002fb   Thumb Code     0  libinit2.o(.ARM.Collect$$libinit$$0000001B)
    __rt_lib_init_stdio_1                    0x000002fb   Thumb Code     0  libinit2.o(.ARM.Collect$$libinit$$00000023)
    __rt_lib_init_user_alloc_1               0x000002fb   Thumb Code     0  libinit2.o(.ARM.Collect$$libinit$$0000000A)
    __rt_lib_shutdown                        0x000002fd   Thumb Code     0  libshutdown.o(.ARM.Collect$$libshutdown$$00000000)
    __rt_lib_shutdown_fp_trap_1              0x000002ff   Thumb Code     0  libshutdown2.o(.ARM.Collect$$libshutdown$$00000006)
    __rt_lib_shutdown_heap_1                 0x000002ff   Thumb Code     0  libshutdown2.o(.ARM.Collect$$libshutdown$$0000000E)
    __rt_lib_shutdown_return                 0x000002ff   Thumb Code     0  libshutdown2.o(.ARM.Collect$$libshutdown$$0000000F)
    __rt_lib_shutdown_signal_1               0x000002ff   Thumb Code     0  libshutdown2.o(.ARM.Collect$$libshutdown$$00000009)
    __rt_lib_shutdown_stdio_1                0x000002ff   Thumb Code     0  libshutdown2.o(.ARM.Collect$$libshutdown$$00000003)
    __rt_lib_shutdown_user_alloc_1           0x000002ff   Thumb Code     0  libshutdown2.o(.ARM.Collect$$libshutdown$$0000000B)
    __rt_entry                               0x00000301   Thumb Code     0  rtentry.o(.ARM.Collect$$rtentry$$00000000)
    __rt_entry_presh_1                       0x00000301   Thumb Code     0  rtentry2.o(.ARM.Collect$$rtentry$$00000002)
    __rt_entry_sh                            0x00000301   Thumb Code     0  rtentry4.o(.ARM.Collect$$rtentry$$00000004)
    __rt_entry_li                            0x00000307   Thumb Code     0  rtentry2.o(.ARM.Collect$$rtentry$$0000000A)
    __rt_entry_postsh_1                      0x00000307   Thumb Code     0  rtentry2.o(.ARM.Collect$$rtentry$$00000009)
    __rt_entry_main                          0x0000030b   Thumb Code     0  rtentry2.o(.ARM.Collect$$rtentry$$0000000D)
    __rt_entry_postli_1                      0x0000030b   Thumb Code     0  rtentry2.o(.ARM.Collect$$rtentry$$0000000C)
    __rt_exit                                0x00000313   Thumb Code     0  rtexit.o(.ARM.Collect$$rtexit$$00000000)
    __rt_exit_ls                             0x00000315   Thumb Code     0  rtexit2.o(.ARM.Collect$$rtexit$$00000003)
    __rt_exit_prels_1                        0x00000315   Thumb Code     0  rtexit2.o(.ARM.Collect$$rtexit$$00000002)
    __rt_exit_exit                           0x00000319   Thumb Code     0  rtexit2.o(.ARM.Collect$$rtexit$$00000004)
    DisableInterrupts                        0x00000321   Thumb Code     0  startup.o(.text)
    EnableInterrupts                         0x00000325   Thumb Code     0  startup.o(.text)
    StartCritical                            0x00000329   Thumb Code     0  startup.o(.text)
    EndCritical                              0x00000331   Thumb Code     0  startup.o(.text)
    WaitForInterrupt                         0x00000337   Thumb Code     0  startup.o(.text)
    __user_initial_stackheap                 0x0000033b   Thumb Code     0  startup.o(.text)
    Random_Init                              0x00000351   Thumb Code     0  random.o(.text)
    Random32                                 0x0000035b   Thumb Code     2  random.o(.text)
    Random                                   0x0000036d   Thumb Code     2  random.o(.text)
    __aeabi_memcpy4                          0x00000391   Thumb Code     0  rt_memcpy_w.o(.text)
    __aeabi_memcpy8                          0x00000391   Thumb Code     0  rt_memcpy_w.o(.text)
    __rt_memcpy_w                            0x00000391   Thumb Code   100  rt_memcpy_w.o(.text)
    _memcpy_lastbytes_aligned                0x000003d9   Thumb Code     0  rt_memcpy_w.o(.text)
    __use_two_region_memory                  0x000003f5   Thumb Code     2  heapauxi.o(.text)
    __rt_heap_escrow$2region                 0x000003f7   Thumb Code     2  heapauxi.o(.text)
    __rt_heap_expand$2region                 0x000003f9   Thumb Code     2  heapauxi.o(.text)
    __user_setup_stackheap                   0x000003fb   Thumb Code    74  sys_stackheap_outer.o(.text)
    exit                                     0x00000445   Thumb Code    12  exit.o(.text)
    __user_libspace                          0x00000451   Thumb Code     8  libspace.o(.text)
    __user_perproc_libspace                  0x00000451   Thumb Code     0  libspace.o(.text)
    __user_perthread_libspace                0x00000451   Thumb Code     0  libspace.o(.text)
    _sys_exit                                0x00000459   Thumb Code     8  sys_exit.o(.text)
    __I$use$semihosting                      0x00000465   Thumb Code     0  use_no_semi.o(.text)
    __use_no_semihosting_swi                 0x00000465   Thumb Code     2  use_no_semi.o(.text)
    __semihosting_library_function           0x00000467   Thumb Code     0  indicate_semi.o(.text)
    ADC1_In                                  0x00000469   Thumb Code     6  texas.o(i.ADC1_In)
    ADC1_Init                                0x00000475   Thumb Code   174  texas.o(i.ADC1_Init)
    ADC_In                                   0x00000549   Thumb Code    36  slideadc.o(i.ADC_In)
    ADC_Init                                 0x00000575   Thumb Code   184  slideadc.o(i.ADC_Init)
    DAC_Init                                 0x00000651   Thumb Code    88  digitalanalogconverter.o(i.DAC_Init)
    DAC_Out                                  0x000006c1   Thumb Code     6  digitalanalogconverter.o(i.DAC_Out)
    DetectCollision                          0x000006cd   Thumb Code   136  spaceinvaders.o(i.DetectCollision)
    Draw                                     0x00000755   Thumb Code   440  spaceinvaders.o(i.Draw)
    GPIOPortE_Handler                        0x00000969   Thumb Code   364  spaceinvaders.o(i.GPIOPortE_Handler)
    Leds_Init                                0x00000b01   Thumb Code   102  spaceinvaders.o(i.Leds_Init)
    Move                                     0x00000b89   Thumb Code  1988  spaceinvaders.o(i.Move)
    Nokia5110_Clear                          0x0000136d   Thumb Code    32  nokia5110.o(i.Nokia5110_Clear)
    Nokia5110_ClearBuffer                    0x0000138d   Thumb Code    20  nokia5110.o(i.Nokia5110_ClearBuffer)
    Nokia5110_DisplayBuffer                  0x000013a5   Thumb Code    10  nokia5110.o(i.Nokia5110_DisplayBuffer)
    Nokia5110_DrawFullImage                  0x000013b5   Thumb Code    34  nokia5110.o(i.Nokia5110_DrawFullImage)
    Nokia5110_Init                           0x000013d9   Thumb Code   316  nokia5110.o(i.Nokia5110_Init)
    Nokia5110_OutChar                        0x00001545   Thumb Code    52  nokia5110.o(i.Nokia5110_OutChar)
    Nokia5110_OutString                      0x0000157d   Thumb Code    22  nokia5110.o(i.Nokia5110_OutString)
    Nokia5110_PrintBMP                       0x00001595   Thumb Code   420  nokia5110.o(i.Nokia5110_PrintBMP)
    Nokia5110_SetCursor                      0x0000173d   Thumb Code    48  nokia5110.o(i.Nokia5110_SetCursor)
    PLL_Init                                 0x0000176d   Thumb Code   118  texas.o(i.PLL_Init)
    PlayerPositionX                          0x000017e9   Thumb Code    90  slideadc.o(i.PlayerPositionX)
    SetCode                                  0x0000184d   Thumb Code    20  texas.o(i.SetCode)
    SetCourse                                0x00001865   Thumb Code    20  texas.o(i.SetCourse)
    Sound_Init                               0x0000187d   Thumb Code    46  soundeffect.o(i.Sound_Init)
    Switches_Init                            0x000018b5   Thumb Code   184  spaceinvaders.o(i.Switches_Init)
    SysTick_Handler                          0x00001995   Thumb Code    30  soundeffect.o(i.SysTick_Handler)
    TExaS_Init                               0x000019bd   Thumb Code   324  texas.o(i.TExaS_Init)
    Timer2A_Handler                          0x00001b81   Thumb Code    20  spaceinvaders.o(i.Timer2A_Handler)
    Timer2_Init                              0x00001b9d   Thumb Code   100  spaceinvaders.o(i.Timer2_Init)
    Timer4A_Handler                          0x00001c1d   Thumb Code    20  texas.o(i.Timer4A_Handler)
    Timer5A_Handler                          0x00001c3d   Thumb Code    34  texas.o(i.Timer5A_Handler)
    UART0_Init                               0x00001c6d   Thumb Code   160  texas.o(i.UART0_Init)
    createFigures                            0x00001d2d   Thumb Code   384  spaceinvaders.o(i.createFigures)
    main                                     0x00001f3d   Thumb Code    74  spaceinvaders.o(i.main)
    __aeabi_dadd                             0x00001f91   Thumb Code     0  daddsub_clz.o(x$fpl$dadd)
    _dadd                                    0x00001f91   Thumb Code   332  daddsub_clz.o(x$fpl$dadd)
    __aeabi_ddiv                             0x000020e1   Thumb Code     0  ddiv.o(x$fpl$ddiv)
    _ddiv                                    0x000020e1   Thumb Code   552  ddiv.o(x$fpl$ddiv)
    __aeabi_d2uiz                            0x00002391   Thumb Code     0  dfixu.o(x$fpl$dfixu)
    _dfixu                                   0x00002391   Thumb Code    90  dfixu.o(x$fpl$dfixu)
    __aeabi_ui2d                             0x000023eb   Thumb Code     0  dflt_clz.o(x$fpl$dfltu)
    _dfltu                                   0x000023eb   Thumb Code    38  dflt_clz.o(x$fpl$dfltu)
    __aeabi_dmul                             0x00002411   Thumb Code     0  dmul.o(x$fpl$dmul)
    _dmul                                    0x00002411   Thumb Code   332  dmul.o(x$fpl$dmul)
    __fpl_dnaninf                            0x00002565   Thumb Code   156  dnaninf.o(x$fpl$dnaninf)
    __fpl_dretinf                            0x00002601   Thumb Code    12  dretinf.o(x$fpl$dretinf)
    __aeabi_dsub                             0x0000260d   Thumb Code     0  daddsub_clz.o(x$fpl$dsub)
    _dsub                                    0x0000260d   Thumb Code   464  daddsub_clz.o(x$fpl$dsub)
    __I$use$fp                               0x000027e0   Number         0  usenofp.o(x$fpl$usenofp)
    SmallEnemy30PointA                       0x00002ba0   Data         199  spaceinvaders.o(.constdata)
    SmallEnemy30PointB                       0x00002c67   Data         199  spaceinvaders.o(.constdata)
    SmallEnemy20PointA                       0x00002d2e   Data         199  spaceinvaders.o(.constdata)
    SmallEnemy20PointB                       0x00002df5   Data         199  spaceinvaders.o(.constdata)
    SmallEnemy10PointA                       0x00002ebc   Data         199  spaceinvaders.o(.constdata)
    SmallEnemy10PointB                       0x00002f83   Data         199  spaceinvaders.o(.constdata)
    PlayerShip0                              0x0000304a   Data         215  spaceinvaders.o(.constdata)
    SmallEnemyBonus0                         0x00003121   Data         203  spaceinvaders.o(.constdata)
    Bunker0                                  0x000031ec   Data         179  spaceinvaders.o(.constdata)
    Bunker1                                  0x0000329f   Data         179  spaceinvaders.o(.constdata)
    Bunker2                                  0x00003352   Data         179  spaceinvaders.o(.constdata)
    Bunker3                                  0x00003405   Data         179  spaceinvaders.o(.constdata)
    BigExplosion0                            0x000034b8   Data         215  spaceinvaders.o(.constdata)
    BigExplosion1                            0x0000358f   Data         215  spaceinvaders.o(.constdata)
    SmallExplosion0                          0x00003666   Data         199  spaceinvaders.o(.constdata)
    SmallExplosion1                          0x0000372d   Data         199  spaceinvaders.o(.constdata)
    Missile0                                 0x000037f4   Data         155  spaceinvaders.o(.constdata)
    Missile1                                 0x0000388f   Data         155  spaceinvaders.o(.constdata)
    Missile2                                 0x0000392a   Data         155  spaceinvaders.o(.constdata)
    Laser0                                   0x000039c5   Data         155  spaceinvaders.o(.constdata)
    Laser1                                   0x00003a60   Data         155  spaceinvaders.o(.constdata)
    NoInputMsg                               0x00003afb   Data          40  texas.o(.constdata)
    OutputPortMsg0                           0x00003b23   Data          40  texas.o(.constdata)
    OutputPortMsg1                           0x00003b4b   Data          40  texas.o(.constdata)
    OutputPortMsg2                           0x00003b73   Data          40  texas.o(.constdata)
    OutputPortMsg3                           0x00003b9b   Data          40  texas.o(.constdata)
    BlankMsg                                 0x00003bc3   Data          40  texas.o(.constdata)
    InitializedMsg                           0x00003beb   Data          40  texas.o(.constdata)
    IntroMsg                                 0x00003c13   Data          40  texas.o(.constdata)
    DoneMsg                                  0x00003c3b   Data          40  texas.o(.constdata)
    SineWave                                 0x00003c63   Data          16  soundeffect.o(.constdata)
    Region$$Table$$Base                      0x00003c74   Number         0  anon$$obj.o(Region$$Table)
    Region$$Table$$Limit                     0x00003c94   Number         0  anon$$obj.o(Region$$Table)
    FrameCount                               0x20000000   Data           4  spaceinvaders.o(.data)
    EnemyCount                               0x20000004   Data           4  spaceinvaders.o(.data)
    SpaceInBetweenLasers                     0x20000008   Data           4  spaceinvaders.o(.data)
    TestWidth                                0x2000000c   Data           4  spaceinvaders.o(.data)
    TestHeight                               0x20000010   Data           4  spaceinvaders.o(.data)
    TimerCount                               0x20000014   Data           4  spaceinvaders.o(.data)
    Semaphore                                0x20000018   Data           4  spaceinvaders.o(.data)
    TExaS_Period                             0x2000001c   Data           4  texas.o(.data)
    TExaS_Ports                              0x20000020   Data           8  texas.o(.data)
    Display                                  0x20000028   Data           1  texas.o(.data)
    TExaS_Meter                              0x2000002c   Data           4  texas.o(.data)
    ADCnum                                   0x20000030   Data           4  texas.o(.data)
    LastMode                                 0x20000034   Data           4  texas.o(.data)
    bFlag                                    0x20000038   Data           4  texas.o(.data)
    Count                                    0x2000003c   Data           4  texas.o(.data)
    DelayBetweenTests                        0x20000040   Data           4  texas.o(.data)
    TExaS_Test                               0x20000044   Data           4  texas.o(.data)
    ScopeMode                                0x20000048   Data           4  texas.o(.data)
    ScopeCount                               0x2000004c   Data           4  texas.o(.data)
    Index                                    0x20000050   Data           1  soundeffect.o(.data)
    Screen                                   0x20000058   Data         504  nokia5110.o(.bss)
    EnemyTop                                 0x20000250   Data          80  spaceinvaders.o(.bss)
    EnemyMiddle                              0x200002a0   Data          60  spaceinvaders.o(.bss)
    EnemyBottom                              0x200002dc   Data          80  spaceinvaders.o(.bss)
    BigMissile                               0x2000032c   Data          20  spaceinvaders.o(.bss)
    LaserOne                                 0x20000340   Data          20  spaceinvaders.o(.bss)
    LaserTwo                                 0x20000354   Data          20  spaceinvaders.o(.bss)
    LaserThree                               0x20000368   Data          20  spaceinvaders.o(.bss)
    LaserFour                                0x2000037c   Data          20  spaceinvaders.o(.bss)
    LaserFive                                0x20000390   Data          20  spaceinvaders.o(.bss)
    TExaS                                    0x200003a8   Data          56  texas.o(.bss)
    __libspace_start                         0x200003e0   Data          96  libspace.o(.bss)
    __temporary_stack_top$libspace           0x20000440   Data           0  libspace.o(.bss)



==============================================================================

Memory Map of the image

  Image Entry point : 0x0000026d

  Load Region LR_1 (Base: 0x00000000, Size: 0x00003cec, Max: 0xffffffff, ABSOLUTE)

    Execution Region ER_RO (Base: 0x00000000, Size: 0x00003c94, Max: 0xffffffff, ABSOLUTE)

    Base Addr    Size         Type   Attr      Idx    E Section Name        Object

    0x00000000   0x00000284   Code   RO            3  * RESET               startup.o
    0x00000284   0x00000008   Code   RO          377  * !!!main             c_w.l(__main.o)
    0x0000028c   0x00000034   Code   RO          558    !!!scatter          c_w.l(__scatter.o)
    0x000002c0   0x0000001a   Code   RO          560    !!handler_copy      c_w.l(__scatter_copy.o)
    0x000002da   0x00000002   PAD
    0x000002dc   0x0000001c   Code   RO          562    !!handler_zi        c_w.l(__scatter_zi.o)
    0x000002f8   0x00000002   Code   RO          431    .ARM.Collect$$libinit$$00000000  c_w.l(libinit.o)
    0x000002fa   0x00000000   Code   RO          438    .ARM.Collect$$libinit$$00000002  c_w.l(libinit2.o)
    0x000002fa   0x00000000   Code   RO          441    .ARM.Collect$$libinit$$00000008  c_w.l(libinit2.o)
    0x000002fa   0x00000000   Code   RO          443    .ARM.Collect$$libinit$$0000000A  c_w.l(libinit2.o)
    0x000002fa   0x00000000   Code   RO          445    .ARM.Collect$$libinit$$0000000C  c_w.l(libinit2.o)
    0x000002fa   0x00000000   Code   RO          448    .ARM.Collect$$libinit$$0000000F  c_w.l(libinit2.o)
    0x000002fa   0x00000000   Code   RO          450    .ARM.Collect$$libinit$$00000011  c_w.l(libinit2.o)
    0x000002fa   0x00000000   Code   RO          452    .ARM.Collect$$libinit$$00000013  c_w.l(libinit2.o)
    0x000002fa   0x00000000   Code   RO          454    .ARM.Collect$$libinit$$00000015  c_w.l(libinit2.o)
    0x000002fa   0x00000000   Code   RO          456    .ARM.Collect$$libinit$$00000017  c_w.l(libinit2.o)
    0x000002fa   0x00000000   Code   RO          458    .ARM.Collect$$libinit$$00000019  c_w.l(libinit2.o)
    0x000002fa   0x00000000   Code   RO          460    .ARM.Collect$$libinit$$0000001B  c_w.l(libinit2.o)
    0x000002fa   0x00000000   Code   RO          462    .ARM.Collect$$libinit$$0000001D  c_w.l(libinit2.o)
    0x000002fa   0x00000000   Code   RO          464    .ARM.Collect$$libinit$$0000001F  c_w.l(libinit2.o)
    0x000002fa   0x00000000   Code   RO          466    .ARM.Collect$$libinit$$00000021  c_w.l(libinit2.o)
    0x000002fa   0x00000000   Code   RO          468    .ARM.Collect$$libinit$$00000023  c_w.l(libinit2.o)
    0x000002fa   0x00000000   Code   RO          472    .ARM.Collect$$libinit$$0000002A  c_w.l(libinit2.o)
    0x000002fa   0x00000000   Code   RO          474    .ARM.Collect$$libinit$$0000002C  c_w.l(libinit2.o)
    0x000002fa   0x00000000   Code   RO          476    .ARM.Collect$$libinit$$0000002E  c_w.l(libinit2.o)
    0x000002fa   0x00000000   Code   RO          478    .ARM.Collect$$libinit$$00000030  c_w.l(libinit2.o)
    0x000002fa   0x00000002   Code   RO          479    .ARM.Collect$$libinit$$00000031  c_w.l(libinit2.o)
    0x000002fc   0x00000002   Code   RO          499    .ARM.Collect$$libshutdown$$00000000  c_w.l(libshutdown.o)
    0x000002fe   0x00000000   Code   RO          513    .ARM.Collect$$libshutdown$$00000003  c_w.l(libshutdown2.o)
    0x000002fe   0x00000000   Code   RO          516    .ARM.Collect$$libshutdown$$00000006  c_w.l(libshutdown2.o)
    0x000002fe   0x00000000   Code   RO          519    .ARM.Collect$$libshutdown$$00000009  c_w.l(libshutdown2.o)
    0x000002fe   0x00000000   Code   RO          521    .ARM.Collect$$libshutdown$$0000000B  c_w.l(libshutdown2.o)
    0x000002fe   0x00000000   Code   RO          524    .ARM.Collect$$libshutdown$$0000000E  c_w.l(libshutdown2.o)
    0x000002fe   0x00000002   Code   RO          525    .ARM.Collect$$libshutdown$$0000000F  c_w.l(libshutdown2.o)
    0x00000300   0x00000000   Code   RO          401    .ARM.Collect$$rtentry$$00000000  c_w.l(rtentry.o)
    0x00000300   0x00000000   Code   RO          408    .ARM.Collect$$rtentry$$00000002  c_w.l(rtentry2.o)
    0x00000300   0x00000006   Code   RO          420    .ARM.Collect$$rtentry$$00000004  c_w.l(rtentry4.o)
    0x00000306   0x00000000   Code   RO          410    .ARM.Collect$$rtentry$$00000009  c_w.l(rtentry2.o)
    0x00000306   0x00000004   Code   RO          411    .ARM.Collect$$rtentry$$0000000A  c_w.l(rtentry2.o)
    0x0000030a   0x00000000   Code   RO          413    .ARM.Collect$$rtentry$$0000000C  c_w.l(rtentry2.o)
    0x0000030a   0x00000008   Code   RO          414    .ARM.Collect$$rtentry$$0000000D  c_w.l(rtentry2.o)
    0x00000312   0x00000002   Code   RO          435    .ARM.Collect$$rtexit$$00000000  c_w.l(rtexit.o)
    0x00000314   0x00000000   Code   RO          481    .ARM.Collect$$rtexit$$00000002  c_w.l(rtexit2.o)
    0x00000314   0x00000004   Code   RO          482    .ARM.Collect$$rtexit$$00000003  c_w.l(rtexit2.o)
    0x00000318   0x00000006   Code   RO          483    .ARM.Collect$$rtexit$$00000004  c_w.l(rtexit2.o)
    0x0000031e   0x00000002   PAD
    0x00000320   0x00000030   Code   RO            4    .text               startup.o
    0x00000350   0x00000040   Code   RO           92    .text               random.o
    0x00000390   0x00000064   Code   RO          373    .text               c_w.l(rt_memcpy_w.o)
    0x000003f4   0x00000006   Code   RO          375    .text               c_w.l(heapauxi.o)
    0x000003fa   0x0000004a   Code   RO          422    .text               c_w.l(sys_stackheap_outer.o)
    0x00000444   0x0000000c   Code   RO          424    .text               c_w.l(exit.o)
    0x00000450   0x00000008   Code   RO          432    .text               c_w.l(libspace.o)
    0x00000458   0x0000000c   Code   RO          491    .text               c_w.l(sys_exit.o)
    0x00000464   0x00000002   Code   RO          502    .text               c_w.l(use_no_semi.o)
    0x00000466   0x00000000   Code   RO          504    .text               c_w.l(indicate_semi.o)
    0x00000466   0x00000002   PAD
    0x00000468   0x0000000c   Code   RO          176    i.ADC1_In           texas.o
    0x00000474   0x000000d4   Code   RO          177    i.ADC1_Init         texas.o
    0x00000548   0x0000002c   Code   RO          313    i.ADC_In            slideadc.o
    0x00000574   0x000000dc   Code   RO          314    i.ADC_Init          slideadc.o
    0x00000650   0x00000070   Code   RO          295    i.DAC_Init          digitalanalogconverter.o
    0x000006c0   0x0000000c   Code   RO          296    i.DAC_Out           digitalanalogconverter.o
    0x000006cc   0x00000088   Code   RO           96    i.DetectCollision   spaceinvaders.o
    0x00000754   0x00000214   Code   RO           97    i.Draw              spaceinvaders.o
    0x00000968   0x00000198   Code   RO           98    i.GPIOPortE_Handler  spaceinvaders.o
    0x00000b00   0x00000088   Code   RO           99    i.Leds_Init         spaceinvaders.o
    0x00000b88   0x000007e4   Code   RO          100    i.Move              spaceinvaders.o
    0x0000136c   0x00000020   Code   RO           12    i.Nokia5110_Clear   nokia5110.o
    0x0000138c   0x00000018   Code   RO           13    i.Nokia5110_ClearBuffer  nokia5110.o
    0x000013a4   0x00000010   Code   RO           14    i.Nokia5110_DisplayBuffer  nokia5110.o
    0x000013b4   0x00000022   Code   RO           15    i.Nokia5110_DrawFullImage  nokia5110.o
    0x000013d6   0x00000002   PAD
    0x000013d8   0x0000016c   Code   RO           16    i.Nokia5110_Init    nokia5110.o
    0x00001544   0x00000038   Code   RO           17    i.Nokia5110_OutChar  nokia5110.o
    0x0000157c   0x00000016   Code   RO           18    i.Nokia5110_OutString  nokia5110.o
    0x00001592   0x00000002   PAD
    0x00001594   0x000001a8   Code   RO           20    i.Nokia5110_PrintBMP  nokia5110.o
    0x0000173c   0x00000030   Code   RO           21    i.Nokia5110_SetCursor  nokia5110.o
    0x0000176c   0x0000007c   Code   RO          178    i.PLL_Init          texas.o
    0x000017e8   0x00000064   Code   RO          315    i.PlayerPositionX   slideadc.o
    0x0000184c   0x00000018   Code   RO          179    i.SetCode           texas.o
    0x00001864   0x00000018   Code   RO          180    i.SetCourse         texas.o
    0x0000187c   0x00000038   Code   RO          338    i.Sound_Init        soundeffect.o
    0x000018b4   0x000000e0   Code   RO          101    i.Switches_Init     spaceinvaders.o
    0x00001994   0x00000028   Code   RO          340    i.SysTick_Handler   soundeffect.o
    0x000019bc   0x000001c4   Code   RO          184    i.TExaS_Init        texas.o
    0x00001b80   0x0000001c   Code   RO          102    i.Timer2A_Handler   spaceinvaders.o
    0x00001b9c   0x00000080   Code   RO          103    i.Timer2_Init       spaceinvaders.o
    0x00001c1c   0x00000020   Code   RO          186    i.Timer4A_Handler   texas.o
    0x00001c3c   0x00000030   Code   RO          187    i.Timer5A_Handler   texas.o
    0x00001c6c   0x000000c0   Code   RO          190    i.UART0_Init        texas.o
    0x00001d2c   0x000001c4   Code   RO          104    i.createFigures     spaceinvaders.o
    0x00001ef0   0x0000004c   Code   RO           22    i.lcdwrite          nokia5110.o
    0x00001f3c   0x00000054   Code   RO          105    i.main              spaceinvaders.o
    0x00001f90   0x00000150   Code   RO          379    x$fpl$dadd          fz_ws.l(daddsub_clz.o)
    0x000020e0   0x000002b0   Code   RO          386    x$fpl$ddiv          fz_ws.l(ddiv.o)
    0x00002390   0x0000005a   Code   RO          389    x$fpl$dfixu         fz_ws.l(dfixu.o)
    0x000023ea   0x00000026   Code   RO          393    x$fpl$dfltu         fz_ws.l(dflt_clz.o)
    0x00002410   0x00000154   Code   RO          399    x$fpl$dmul          fz_ws.l(dmul.o)
    0x00002564   0x0000009c   Code   RO          402    x$fpl$dnaninf       fz_ws.l(dnaninf.o)
    0x00002600   0x0000000c   Code   RO          404    x$fpl$dretinf       fz_ws.l(dretinf.o)
    0x0000260c   0x000001d4   Code   RO          381    x$fpl$dsub          fz_ws.l(daddsub_clz.o)
    0x000027e0   0x00000000   Code   RO          406    x$fpl$usenofp       fz_ws.l(usenofp.o)
    0x000027e0   0x000001e0   Data   RO           24    .constdata          nokia5110.o
    0x000029c0   0x0000113b   Data   RO          107    .constdata          spaceinvaders.o
    0x00003afb   0x00000168   Data   RO          195    .constdata          texas.o
    0x00003c63   0x00000010   Data   RO          341    .constdata          soundeffect.o
    0x00003c73   0x00000001   PAD
    0x00003c74   0x00000020   Data   RO          556    Region$$Table       anon$$obj.o


    Execution Region ER_RW (Base: 0x20000000, Size: 0x00000058, Max: 0xffffffff, ABSOLUTE)

    Base Addr    Size         Type   Attr      Idx    E Section Name        Object

    0x20000000   0x0000001c   Data   RW          108    .data               spaceinvaders.o
    0x2000001c   0x00000034   Data   RW          196    .data               texas.o
    0x20000050   0x00000001   Data   RW          342    .data               soundeffect.o
    0x20000051   0x00000003   PAD
    0x20000054   0x00000004   Data   RW           91    DATA                random.o


    Execution Region ER_ZI (Base: 0x20000058, Size: 0x000007e8, Max: 0xffffffff, ABSOLUTE)

    Base Addr    Size         Type   Attr      Idx    E Section Name        Object

    0x20000058   0x000001f8   Zero   RW           23    .bss                nokia5110.o
    0x20000250   0x00000154   Zero   RW          106    .bss                spaceinvaders.o
    0x200003a4   0x00000004   PAD
    0x200003a8   0x00000038   Zero   RW          194    .bss                texas.o
    0x200003e0   0x00000060   Zero   RW          433    .bss                c_w.l(libspace.o)
    0x20000440   0x00000000   Zero   RW            2    HEAP                startup.o
    0x20000440   0x00000400   Zero   RW            1    STACK               startup.o


==============================================================================

Image component sizes


      Code (inc. data)   RO Data    RW Data    ZI Data      Debug   Object Name

       124         30          0          0          0        841   digitalanalogconverter.o
      1096         76        480          0        504       8529   nokia5110.o
        64         14          0          4          0        184   random.o
       364         54          0          0          0       1418   slideadc.o
        96         20         16          1          0       1792   soundeffect.o
      4148        400       4411         28        340       9251   spaceinvaders.o
       692        632          0          0       1024        868   startup.o
      1120        244        360         52         56      15392   texas.o

    ----------------------------------------------------------------------
      7708       1470       5300         88       1928      38275   Object Totals
         0          0         32          0          0          0   (incl. Generated)
         4          0          1          3          4          0   (incl. Padding)

    ----------------------------------------------------------------------

      Code (inc. data)   RO Data    RW Data    ZI Data      Debug   Library Member Name

         8          0          0          0          0         68   __main.o
        52          8          0          0          0          0   __scatter.o
        26          0          0          0          0          0   __scatter_copy.o
        28          0          0          0          0          0   __scatter_zi.o
        12          0          0          0          0         72   exit.o
         6          0          0          0          0        152   heapauxi.o
         0          0          0          0          0          0   indicate_semi.o
         2          0          0          0          0          0   libinit.o
         2          0          0          0          0          0   libinit2.o
         2          0          0          0          0          0   libshutdown.o
         2          0          0          0          0          0   libshutdown2.o
         8          4          0          0         96         68   libspace.o
       100          0          0          0          0         80   rt_memcpy_w.o
         0          0          0          0          0          0   rtentry.o
        12          0          0          0          0          0   rtentry2.o
         6          0          0          0          0          0   rtentry4.o
         2          0          0          0          0          0   rtexit.o
        10          0          0          0          0          0   rtexit2.o
        12          4          0          0          0         68   sys_exit.o
        74          0          0          0          0         80   sys_stackheap_outer.o
         2          0          0          0          0         68   use_no_semi.o
       804         16          0          0          0        272   daddsub_clz.o
       688        140          0          0          0        208   ddiv.o
        90          4          0          0          0         92   dfixu.o
        38          0          0          0          0         68   dflt_clz.o
       340         12          0          0          0        104   dmul.o
       156          4          0          0          0         92   dnaninf.o
        12          0          0          0          0         68   dretinf.o
         0          0          0          0          0          0   usenofp.o

    ----------------------------------------------------------------------
      2500        192          0          0         96       1560   Library Totals
         6          0          0          0          0          0   (incl. Padding)

    ----------------------------------------------------------------------

      Code (inc. data)   RO Data    RW Data    ZI Data      Debug   Library Name

       366         16          0          0         96        656   c_w.l
      2128        176          0          0          0        904   fz_ws.l

    ----------------------------------------------------------------------
      2500        192          0          0         96       1560   Library Totals

    ----------------------------------------------------------------------

==============================================================================


      Code (inc. data)   RO Data    RW Data    ZI Data      Debug   

     10208       1662       5300         88       2024      37391   Grand Totals
     10208       1662       5300         88       2024      37391   ELF Image Totals
     10208       1662       5300         88          0          0   ROM Totals

==============================================================================

    Total RO  Size (Code + RO Data)                15508 (  15.14kB)
    Total RW  Size (RW Data + ZI Data)              2112 (   2.06kB)
    Total ROM Size (Code + RO Data + RW Data)      15596 (  15.23kB)

==============================================================================

